appendices/about.xml: 827e289577
appendices/aliases.xml: b563747cb3
appendices/comparisons.xml: 0ade9d91c1
appendices/debugger.xml: 56591e6754
appendices/ini.xml: 2ede341772
appendices/reserved.constants.core.xml: 2f491ab5e1
appendices/reserved.constants.standard.xml: 52abaae9b2
appendices/reserved.xml: edc3471f83
appendices/resources.xml: c1c4532b5f
appendices/tokens.xml: a26d5a22cd
bookinfo.xml: fdabefd50c
chapters/intro.xml: 9cc4767b2d
chapters/tutorial.xml: ca7fbbaddc
faq/general.xml: 6351088d7a
features/connection-handling.xml: c7590bf936
features/cookies.xml: f1fc80fc2d
features/http-auth.xml: 744111cf06
features/persistent-connections.xml: 96c9d88bad
features/remote-files.xml: 2bb07c8c43
features/safe-mode.xml: 2bb07c8c43
features/sessions.xml: 96c9d88bad
install/intro.xml: 9d5b049ea8
install/problems.xml: 96c9d88bad
language/basic-syntax.xml: 2fd5de559f
language/constants.xml: 6f439ae86a
language/context.xml: 0a6d13307b
language/control-structures.xml: af4410a7e1
language/control-structures/alternative-syntax.xml: 8208b81cf1
language/control-structures/break.xml: ac33a4e791
language/control-structures/continue.xml: ac33a4e791
language/control-structures/do-while.xml: c7aca484fd
language/control-structures/else.xml: c7aca484fd
language/control-structures/elseif.xml: f258d65696
language/control-structures/for.xml: 2c3698ad6f
language/control-structures/foreach.xml: 75fb719c3c
language/control-structures/goto.xml: a5895bafdc
language/control-structures/if.xml: c7aca484fd
language/control-structures/include-once.xml: 3efd70fb90
language/control-structures/include.xml: c5c902b477
language/control-structures/require-once.xml: 84b8fca68f
language/control-structures/require.xml: 84b8fca68f
language/errors.xml: b7a780f8e7
language/errors/basics.xml: b7a780f8e7
language/errors/php7.xml: fd35a907bb
language/exceptions.xml: 6398de67ed
language/expressions.xml: 5dba865d91
language/functions.xml: 1403073198
language/predefined/arithmeticerror.xml: 10bf01015f
language/predefined/arrayaccess.xml: dac4478916
language/predefined/arrayaccess/offsetexists.xml: 331fbfeac5
language/predefined/arrayaccess/offsetget.xml: 441466d89c
language/predefined/arrayaccess/offsetset.xml: 3e13c61bff
language/predefined/arrayaccess/offsetunset.xml: 3e13c61bff
language/predefined/assertionerror.xml: 10bf01015f
language/predefined/divisionbyzeroerror.xml: 10bf01015f
language/predefined/error.xml: 1e17b3d07c
language/predefined/error/clone.xml: af4410a7e1
language/predefined/error/construct.xml: 739b47be95
language/predefined/error/getcode.xml: 4eefb1e936
language/predefined/error/getfile.xml: 4eefb1e936
language/predefined/error/getline.xml: 4eefb1e936
language/predefined/error/getmessage.xml: 4eefb1e936
language/predefined/error/getprevious.xml: 4eefb1e936
language/predefined/error/gettrace.xml: 4eefb1e936
language/predefined/error/gettraceasstring.xml: 4eefb1e936
language/predefined/error/tostring.xml: 4eefb1e936
language/predefined/exception.xml: aaeb51d919
language/predefined/exception/clone.xml: af4410a7e1
language/predefined/exception/construct.xml: 98a2748836
language/predefined/exception/getcode.xml: 4eefb1e936
language/predefined/exception/getfile.xml: efdc9e6334
language/predefined/exception/getline.xml: efdc9e6334
language/predefined/exception/getmessage.xml: 4eefb1e936
language/predefined/exception/getprevious.xml: efdc9e6334
language/predefined/exception/gettrace.xml: 4eefb1e936
language/predefined/exception/gettraceasstring.xml: 4eefb1e936
language/predefined/exception/tostring.xml: 4eefb1e936
language/predefined/exceptions.xml: fd35a907bb
language/predefined/interfaces.xml: fc07a643d4
language/predefined/parseerror.xml: fd35a907bb
language/predefined/throwable.xml: 9a4e00c8f0
language/predefined/throwable/getcode.xml: 7050d96265
language/predefined/throwable/getfile.xml: efdc9e6334
language/predefined/throwable/getline.xml: 7050d96265
language/predefined/throwable/getmessage.xml: 7050d96265
language/predefined/throwable/getprevious.xml: 7050d96265
language/predefined/throwable/gettrace.xml: 7050d96265
language/predefined/throwable/gettraceasstring.xml: 7050d96265
language/predefined/throwable/tostring.xml: 7050d96265
language/predefined/typeerror.xml: 10bf01015f
language/predefined/variables.xml: af4410a7e1
language/predefined/variables/argc.xml: 660a9ebe1f
language/predefined/variables/argv.xml: 660a9ebe1f
language/predefined/variables/cookie.xml: cb0630b149
language/predefined/variables/env.xml: cb0630b149
language/predefined/variables/files.xml: 534cfca423
language/predefined/variables/get.xml: ee08edd259
language/predefined/variables/globals.xml: cb0630b149
language/predefined/variables/httprawpostdata.xml: 1c7981f1ba
language/predefined/variables/httpresponseheader.xml: cb0630b149
language/predefined/variables/phperrormsg.xml: 028513e94b
language/predefined/variables/post.xml: c24e9b3c30
language/predefined/variables/request.xml: cb0630b149
language/predefined/variables/server.xml: 067b3bca39
language/predefined/variables/session.xml: cb0630b149
language/predefined/variables/superglobals.xml: af4410a7e1
language/variables.xml: 5c58791fed
language/wrappers.xml: 8e2783c965
preface.xml: 20921e0003
reference/apache/book.xml: 1634a88641
reference/apache/constants.xml: af4410a7e1
reference/apache/functions/apache-child-terminate.xml: 84b8fca68f
reference/apache/functions/apache-lookup-uri.xml: 96c9d88bad
reference/apache/functions/apache-note.xml: 6230e6c0d5
reference/apache/functions/apache-response-headers.xml: ad8e015131
reference/apache/functions/apache-setenv.xml: b8758b0605
reference/apache/functions/getallheaders.xml: 99f97fe9ce
reference/apache/reference.xml: 96c9d88bad
reference/apache/setup.xml: a56106f691
reference/array/book.xml: 1634a88641
reference/array/constants.xml: 95bdd6883b
reference/array/functions/array-change-key-case.xml: 3ce14fde5c
reference/array/functions/array-chunk.xml: b8758b0605
reference/array/functions/array-combine.xml: 12ccdb90a1
reference/array/functions/array-count-values.xml: 3ce14fde5c
reference/array/functions/array-diff-assoc.xml: 1b98a453d1
reference/array/functions/array-diff-key.xml: a9b5252986
reference/array/functions/array-diff-uassoc.xml: 8c39010843
reference/array/functions/array-diff.xml: 52ae7dd55e
reference/array/functions/array-fill.xml: b455daa1c7
reference/array/functions/array-filter.xml: 27acde0b15
reference/array/functions/array-flip.xml: f1bced78de
reference/array/functions/array-key-exists.xml: 0b15fb2e4b
reference/array/functions/array-keys.xml: 05e4c11653
reference/array/functions/array-map.xml: 9caf16a8ba
reference/array/functions/array-pad.xml: 3ce14fde5c
reference/array/functions/array-shift.xml: 96c9d88bad
reference/array/functions/array-sum.xml: db17573b4f
reference/array/functions/array-unique.xml: ecc5ebb63c
reference/array/functions/array.xml: 96c9d88bad
reference/array/functions/end.xml: 9a147ed11d
reference/array/functions/pos.xml: 96c9d88bad
reference/array/functions/sizeof.xml: 96c9d88bad
reference/array/reference.xml: 96c9d88bad
reference/array/setup.xml: 96c9d88bad
reference/array/sorting.xml: 79a4582205
reference/bbcode/book.xml: 1634a88641
reference/bbcode/configure.xml: 96c9d88bad
reference/bbcode/reference.xml: 96c9d88bad
reference/bbcode/setup.xml: 96c9d88bad
reference/bc/book.xml: a3c18bfa37
reference/bc/configure.xml: 96c9d88bad
reference/bc/constants.xml: af4410a7e1
reference/bc/functions/bcadd.xml: 4ba0ee7bd8
reference/bc/functions/bccomp.xml: 4ba0ee7bd8
reference/bc/functions/bcdiv.xml: 4ba0ee7bd8
reference/bc/functions/bcmod.xml: 96c9d88bad
reference/bc/ini.xml: f052ac1bd7
reference/bc/reference.xml: 96c9d88bad
reference/bc/setup.xml: af4410a7e1
reference/bzip2/book.xml: 1634a88641
reference/bzip2/configure.xml: 96c9d88bad
reference/bzip2/constants.xml: af4410a7e1
reference/bzip2/examples.xml: 96c9d88bad
reference/bzip2/functions/bzclose.xml: 96c9d88bad
reference/bzip2/functions/bzerrno.xml: 96c9d88bad
reference/bzip2/functions/bzerror.xml: 96c9d88bad
reference/bzip2/functions/bzerrstr.xml: 96c9d88bad
reference/bzip2/functions/bzflush.xml: 2c422f528d
reference/bzip2/functions/bzopen.xml: bd2fef3d93
reference/bzip2/functions/bzread.xml: a99a584108
reference/bzip2/functions/bzwrite.xml: 96c9d88bad
reference/bzip2/reference.xml: 96c9d88bad
reference/bzip2/setup.xml: af4410a7e1
reference/classobj/book.xml: 1634a88641
reference/classobj/constants.xml: af4410a7e1
reference/classobj/examples.xml: 62d53f70bd
reference/classobj/functions/call-user-method-array.xml: 74ad648bc8
reference/classobj/functions/call-user-method.xml: 962214a5cc
reference/classobj/functions/class-exists.xml: b8758b0605
reference/classobj/functions/get-class-methods.xml: 8b5940cade
reference/classobj/functions/get-class-vars.xml: fd997f01ab
reference/classobj/functions/get-class.xml: 7edc885311
reference/classobj/functions/get-declared-classes.xml: 96c9d88bad
reference/classobj/functions/get-object-vars.xml: 2a6fc6a1d5
reference/classobj/functions/get-parent-class.xml: 970d9b2e54
reference/classobj/functions/is-a.xml: a1060b5268
reference/classobj/functions/is-subclass-of.xml: dd07341fae
reference/classobj/functions/method-exists.xml: fead37cf3b
reference/classobj/reference.xml: 96c9d88bad
reference/classobj/setup.xml: 96c9d88bad
reference/crack/configure.xml: fbc4ef92fa
reference/crack/functions/crack-check.xml: 7cddcd7156
reference/crack/functions/crack-closedict.xml: 96c9d88bad
reference/crack/functions/crack-getlastmessage.xml: 96c9d88bad
reference/crack/functions/crack-opendict.xml: 96c9d88bad
reference/crack/reference.xml: 96c9d88bad
reference/curl/book.xml: 95bdd6883b
reference/curl/configure.xml: ba08db8805
reference/curl/constants.xml: 82d8f6e36b
reference/curl/curlfile.xml: 4731f1a2d2
reference/curl/examples.xml: 79dcbe011f
reference/curl/functions/curl-close.xml: 96c9d88bad
reference/curl/functions/curl-copy-handle.xml: 14af302c9c
reference/curl/functions/curl-errno.xml: 04b11e621f
reference/curl/functions/curl-error.xml: 96c9d88bad
reference/curl/functions/curl-exec.xml: 4ccbdb42a2
reference/curl/functions/curl-file-create.xml: d7bf877330
reference/curl/functions/curl-init.xml: db4dfaad2a
reference/curl/functions/curl-pause.xml: c672ec208a
reference/curl/ini.xml: f052ac1bd7
reference/curl/reference.xml: 96c9d88bad
reference/curl/setup.xml: 996f0fd83f
reference/datetime/book.xml: 7a94745acb
reference/datetime/configure.xml: af4410a7e1
reference/datetime/functions/checkdate.xml: 96c9d88bad
reference/datetime/functions/date.xml: 95bdd6883b
reference/datetime/functions/getdate.xml: e84c1f221c
reference/datetime/functions/gettimeofday.xml: b8758b0605
reference/datetime/functions/gmdate.xml: 83c927f576
reference/datetime/functions/gmmktime.xml: bce4e5f7d7
reference/datetime/functions/gmstrftime.xml: 96c9d88bad
reference/datetime/functions/localtime.xml: b8758b0605
reference/datetime/functions/microtime.xml: b8758b0605
reference/datetime/functions/mktime.xml: bce4e5f7d7
reference/datetime/functions/strftime.xml: 9cc4767b2d
reference/datetime/functions/strtotime.xml: 866b749d19
reference/datetime/functions/time.xml: 9edaff269c
reference/datetime/reference.xml: 96c9d88bad
reference/datetime/setup.xml: af4410a7e1
reference/dir/book.xml: 1634a88641
reference/dir/constants.xml: 531e7a8ef5
reference/dir/directory.xml: 53b6f116ed
reference/dir/directory/close.xml: 57177f4159
reference/dir/directory/read.xml: 57177f4159
reference/dir/directory/rewind.xml: 57177f4159
reference/dir/functions/chdir.xml: 2c1768a460
reference/dir/functions/chroot.xml: dae442b0ec
reference/dir/functions/closedir.xml: 96c9d88bad
reference/dir/functions/dir.xml: 53b6f116ed
reference/dir/functions/getcwd.xml: 96c9d88bad
reference/dir/functions/opendir.xml: 53b6f116ed
reference/dir/functions/readdir.xml: 99a5cc447f
reference/dir/functions/rewinddir.xml: 96c9d88bad
reference/dir/functions/scandir.xml: 9e9c6ea115
reference/dir/reference.xml: 96c9d88bad
reference/dir/setup.xml: af4410a7e1
reference/exif/book.xml: 1634a88641
reference/exif/configure.xml: 96c9d88bad
reference/exif/reference.xml: 96c9d88bad
reference/exif/setup.xml: af4410a7e1
reference/fbsql/book.xml: 1634a88641
reference/fbsql/configure.xml: 96c9d88bad
reference/fbsql/constants.xml: 4de5cce5d8
reference/fbsql/functions/fbsql-close.xml: 96c9d88bad
reference/fbsql/functions/fbsql-connect.xml: 96c9d88bad
reference/fbsql/functions/fbsql-db-status.xml: 96c9d88bad
reference/fbsql/functions/fbsql-field-table.xml: 96c9d88bad
reference/fbsql/functions/fbsql-free-result.xml: 96c9d88bad
reference/fbsql/functions/fbsql-get-autostart-info.xml: 96c9d88bad
reference/fbsql/functions/fbsql-hostname.xml: 96c9d88bad
reference/fbsql/functions/fbsql-password.xml: 96c9d88bad
reference/fbsql/functions/fbsql-pconnect.xml: 96c9d88bad
reference/fbsql/functions/fbsql-query.xml: 96c9d88bad
reference/fbsql/functions/fbsql-set-characterset.xml: 96c9d88bad
reference/fbsql/functions/fbsql-start-db.xml: 96c9d88bad
reference/fbsql/functions/fbsql-stop-db.xml: 96c9d88bad
reference/fbsql/functions/fbsql-tablename.xml: 1cd1e390c5
reference/fbsql/functions/fbsql-username.xml: 96c9d88bad
reference/fbsql/ini.xml: b835a2f8d3
reference/fbsql/reference.xml: 96c9d88bad
reference/fbsql/setup.xml: af4410a7e1
reference/filesystem/book.xml: 1634a88641
reference/filesystem/constants.xml: 071cf3fdad
reference/filesystem/functions/basename.xml: 7e4167f3f2
reference/filesystem/functions/chgrp.xml: 3de058b030
reference/filesystem/functions/chmod.xml: 063e19aa13
reference/filesystem/functions/chown.xml: a8fcd8de63
reference/filesystem/functions/clearstatcache.xml: d1d11ef7fa
reference/filesystem/functions/copy.xml: 2664626816
reference/filesystem/functions/delete.xml: 9514f50e89
reference/filesystem/functions/dirname.xml: 23348cb918
reference/filesystem/functions/disk-free-space.xml: 2fa565d97d
reference/filesystem/functions/disk-total-space.xml: 2fa565d97d
reference/filesystem/functions/diskfreespace.xml: 96c9d88bad
reference/filesystem/functions/fclose.xml: 96c9d88bad
reference/filesystem/functions/feof.xml: 58e026c057
reference/filesystem/functions/fflush.xml: 96c9d88bad
reference/filesystem/functions/fgetc.xml: 96c9d88bad
reference/filesystem/functions/fgetcsv.xml: 7fcd3e4d78
reference/filesystem/functions/fgets.xml: 8b5940cade
reference/filesystem/functions/fgetss.xml: 3636c163fb
reference/filesystem/functions/file-exists.xml: 71895e9afb
reference/filesystem/functions/file-get-contents.xml: d225d89995
reference/filesystem/functions/file-put-contents.xml: 0faac5c51e
reference/filesystem/functions/fileatime.xml: 44aabb8f7e
reference/filesystem/functions/filegroup.xml: fa6e196973
reference/filesystem/functions/fileinode.xml: 44aabb8f7e
reference/filesystem/functions/filemtime.xml: 44aabb8f7e
reference/filesystem/functions/fileowner.xml: 44aabb8f7e
reference/filesystem/functions/filesize.xml: 71895e9afb
reference/filesystem/functions/fputs.xml: 96c9d88bad
reference/filesystem/functions/ftruncate.xml: e41aab5eca
reference/filesystem/functions/is-dir.xml: 53b6f116ed
reference/filesystem/functions/is-executable.xml: e41aab5eca
reference/filesystem/functions/is-file.xml: 71895e9afb
reference/filesystem/functions/is-writable.xml: 44aabb8f7e
reference/filesystem/functions/is-writeable.xml: 96c9d88bad
reference/filesystem/functions/mkdir.xml: 8b5940cade
reference/filesystem/functions/pathinfo.xml: 23348cb918
reference/filesystem/functions/realpath-cache-get.xml: 065dd47a92
reference/filesystem/functions/realpath-cache-size.xml: 2507bd51b8
reference/filesystem/functions/realpath.xml: 028c8b7bc8
reference/filesystem/functions/set-file-buffer.xml: 96c9d88bad
reference/filesystem/functions/touch.xml: 1a34931477
reference/filesystem/functions/unlink.xml: a706ea6af5
reference/filesystem/ini.xml: eda3b067eb
reference/filesystem/reference.xml: 96c9d88bad
reference/filesystem/setup.xml: 6140afcca4
reference/ftp/book.xml: 1634a88641
reference/ftp/configure.xml: aab798bada
reference/ftp/constants.xml: 95bdd6883b
reference/ftp/examples.xml: 79dcbe011f
reference/ftp/functions/ftp-cdup.xml: 96c9d88bad
reference/ftp/functions/ftp-chdir.xml: 96c9d88bad
reference/ftp/functions/ftp-close.xml: 96c9d88bad
reference/ftp/functions/ftp-connect.xml: 8b5940cade
reference/ftp/functions/ftp-delete.xml: 96c9d88bad
reference/ftp/functions/ftp-exec.xml: 96c9d88bad
reference/ftp/functions/ftp-fget.xml: 8b5940cade
reference/ftp/functions/ftp-fput.xml: 8b5940cade
reference/ftp/functions/ftp-get-option.xml: 96c9d88bad
reference/ftp/functions/ftp-get.xml: 8b5940cade
reference/ftp/functions/ftp-login.xml: 96c9d88bad
reference/ftp/functions/ftp-mdtm.xml: 96c9d88bad
reference/ftp/functions/ftp-mkdir.xml: 96c9d88bad
reference/ftp/functions/ftp-nlist.xml: 96c9d88bad
reference/ftp/functions/ftp-pasv.xml: e1b57a1950
reference/ftp/functions/ftp-put.xml: 8b5940cade
reference/ftp/functions/ftp-pwd.xml: 96c9d88bad
reference/ftp/functions/ftp-quit.xml: 96c9d88bad
reference/ftp/functions/ftp-rawlist.xml: 8b5940cade
reference/ftp/functions/ftp-rename.xml: 309ccd7aa4
reference/ftp/functions/ftp-rmdir.xml: 96c9d88bad
reference/ftp/functions/ftp-set-option.xml: 96c9d88bad
reference/ftp/functions/ftp-site.xml: 96c9d88bad
reference/ftp/functions/ftp-size.xml: 96c9d88bad
reference/ftp/functions/ftp-systype.xml: 96c9d88bad
reference/ftp/reference.xml: 96c9d88bad
reference/ftp/setup.xml: af4410a7e1
reference/funchand/book.xml: 1634a88641
reference/funchand/constants.xml: af4410a7e1
reference/funchand/functions/func-get-arg.xml: 674b07e333
reference/funchand/functions/function-exists.xml: 84b8fca68f
reference/funchand/functions/get-defined-functions.xml: d0df80cbd2
reference/funchand/reference.xml: 96c9d88bad
reference/funchand/setup.xml: 96c9d88bad
reference/ibase/book.xml: 27b1373e25
reference/ibase/configure.xml: ba08db8805
reference/ibase/constants.xml: 4de5cce5d8
reference/ibase/functions/ibase-add-user.xml: 06b757afc9
reference/ibase/functions/ibase-affected-rows.xml: 96c9d88bad
reference/ibase/functions/ibase-backup.xml: 14af302c9c
reference/ibase/functions/ibase-blob-add.xml: 96c9d88bad
reference/ibase/functions/ibase-blob-cancel.xml: 96c9d88bad
reference/ibase/functions/ibase-blob-close.xml: 96c9d88bad
reference/ibase/functions/ibase-blob-create.xml: 2b587ab01f
reference/ibase/functions/ibase-blob-echo.xml: 96c9d88bad
reference/ibase/functions/ibase-blob-get.xml: 96c9d88bad
reference/ibase/functions/ibase-blob-import.xml: 96c9d88bad
reference/ibase/functions/ibase-blob-info.xml: 96c9d88bad
reference/ibase/functions/ibase-blob-open.xml: 96c9d88bad
reference/ibase/functions/ibase-close.xml: 2b587ab01f
reference/ibase/functions/ibase-commit-ret.xml: 2b587ab01f
reference/ibase/functions/ibase-commit.xml: 2b587ab01f
reference/ibase/functions/ibase-connect.xml: 27f822f870
reference/ibase/functions/ibase-db-info.xml: 14af302c9c
reference/ibase/functions/ibase-delete-user.xml: 06b757afc9
reference/ibase/functions/ibase-drop-db.xml: 2b587ab01f
reference/ibase/functions/ibase-errcode.xml: 96c9d88bad
reference/ibase/functions/ibase-errmsg.xml: 96c9d88bad
reference/ibase/functions/ibase-execute.xml: 6aa7058f15
reference/ibase/functions/ibase-fetch-assoc.xml: 96c9d88bad
reference/ibase/functions/ibase-fetch-object.xml: 96c9d88bad
reference/ibase/functions/ibase-fetch-row.xml: 96c9d88bad
reference/ibase/functions/ibase-field-info.xml: 96c9d88bad
reference/ibase/functions/ibase-free-event-handler.xml: 96c9d88bad
reference/ibase/functions/ibase-free-query.xml: 96c9d88bad
reference/ibase/functions/ibase-free-result.xml: 96c9d88bad
reference/ibase/functions/ibase-gen-id.xml: 14af302c9c
reference/ibase/functions/ibase-maintain-db.xml: 14af302c9c
reference/ibase/functions/ibase-modify-user.xml: 06b757afc9
reference/ibase/functions/ibase-name-result.xml: 96c9d88bad
reference/ibase/functions/ibase-num-fields.xml: 96c9d88bad
reference/ibase/functions/ibase-num-params.xml: 96c9d88bad
reference/ibase/functions/ibase-param-info.xml: 96c9d88bad
reference/ibase/functions/ibase-pconnect.xml: 96c9d88bad
reference/ibase/functions/ibase-prepare.xml: d4fdab6050
reference/ibase/functions/ibase-query.xml: 96c9d88bad
reference/ibase/functions/ibase-restore.xml: 14af302c9c
reference/ibase/functions/ibase-rollback-ret.xml: 2b587ab01f
reference/ibase/functions/ibase-rollback.xml: 2b587ab01f
reference/ibase/functions/ibase-server-info.xml: 14af302c9c
reference/ibase/functions/ibase-service-attach.xml: 14af302c9c
reference/ibase/functions/ibase-service-detach.xml: 14af302c9c
reference/ibase/functions/ibase-set-event-handler.xml: 5faa7a6747
reference/ibase/functions/ibase-trans.xml: 1d8f6d7da3
reference/ibase/functions/ibase-wait-event.xml: 96c9d88bad
reference/ibase/ini.xml: f052ac1bd7
reference/ibase/reference.xml: 96c9d88bad
reference/ibase/setup.xml: af4410a7e1
reference/iconv/ini.xml: b58a71d289
reference/iconv/reference.xml: 96c9d88bad
reference/iconv/setup.xml: af4410a7e1
reference/id3/book.xml: 1634a88641
reference/id3/reference.xml: 96c9d88bad
reference/id3/setup.xml: 6bb80ceb9a
reference/ingres-ii/book.xml: 1634a88641
reference/ingres-ii/configure.xml: 96c9d88bad
reference/ingres-ii/constants.xml: 4de5cce5d8
reference/ingres-ii/examples.xml: 79dcbe011f
reference/ingres-ii/functions/ingres-autocommit.xml: 96c9d88bad
reference/ingres-ii/functions/ingres-close.xml: 96c9d88bad
reference/ingres-ii/functions/ingres-commit.xml: 96c9d88bad
reference/ingres-ii/functions/ingres-errno.xml: 04b11e621f
reference/ingres-ii/functions/ingres-error.xml: 04b11e621f
reference/ingres-ii/functions/ingres-errsqlstate.xml: 04b11e621f
reference/ingres-ii/functions/ingres-field-name.xml: 96c9d88bad
reference/ingres-ii/functions/ingres-field-nullable.xml: 96c9d88bad
reference/ingres-ii/functions/ingres-num-fields.xml: 96c9d88bad
reference/ingres-ii/functions/ingres-rollback.xml: 96c9d88bad
reference/ingres-ii/reference.xml: 96c9d88bad
reference/ingres-ii/setup.xml: af4410a7e1
reference/json/book.xml: 625495757f
reference/json/constants.xml: 24e4bc70a6
reference/json/functions/json-decode.xml: ed0816f0b0
reference/json/functions/json-encode.xml: 3b09ff696e
reference/json/functions/json-last-error-msg.xml: 7e88ca5ef3
reference/json/functions/json-last-error.xml: 0e75cfe1a9
reference/json/jsonserializable.xml: e4ed977cdd
reference/json/jsonserializable/jsonserialize.xml: 589ebcb6d5
reference/json/reference.xml: 96c9d88bad
reference/json/setup.xml: f86f89b517
reference/mail/book.xml: 1634a88641
reference/mail/constants.xml: af4410a7e1
reference/mail/functions/ezmlm-hash.xml: 96c9d88bad
reference/mail/functions/mail.xml: f10ab85a29
reference/mail/reference.xml: 96c9d88bad
reference/mail/setup.xml: ba08db8805
reference/math/book.xml: 1634a88641
reference/math/constants.xml: 3cd079536e
reference/math/functions/abs.xml: 246643fc84
reference/math/functions/acos.xml: 96c9d88bad
reference/math/functions/atan2.xml: 96c9d88bad
reference/math/functions/cos.xml: 96c9d88bad
reference/math/functions/getrandmax.xml: 96c9d88bad
reference/math/functions/log10.xml: 96c9d88bad
reference/math/functions/max.xml: 6c604e6e40
reference/math/functions/sin.xml: 96c9d88bad
reference/math/reference.xml: 96c9d88bad
reference/math/setup.xml: af4410a7e1
reference/maxdb/functions/maxdb-bind-param.xml: 96c9d88bad
reference/maxdb/functions/maxdb-bind-result.xml: 96c9d88bad
reference/maxdb/functions/maxdb-client-encoding.xml: 96c9d88bad
reference/maxdb/functions/maxdb-close-long-data.xml: b827a32fad
reference/maxdb/functions/maxdb-escape-string.xml: 96c9d88bad
reference/maxdb/functions/maxdb-execute.xml: 96c9d88bad
reference/maxdb/functions/maxdb-fetch.xml: 96c9d88bad
reference/maxdb/functions/maxdb-get-metadata.xml: 96c9d88bad
reference/maxdb/functions/maxdb-param-count.xml: 96c9d88bad
reference/maxdb/functions/maxdb-send-long-data.xml: 96c9d88bad
reference/maxdb/functions/maxdb-set-opt.xml: 96c9d88bad
reference/misc/book.xml: 1634a88641
reference/misc/constants.xml: 14af302c9c
reference/misc/functions/connection-aborted.xml: 96c9d88bad
reference/misc/functions/connection-status.xml: 96c9d88bad
reference/misc/functions/constant.xml: 8669246db5
reference/misc/functions/define.xml: ef362e88b3
reference/misc/functions/defined.xml: 96c9d88bad
reference/misc/functions/die.xml: 84b8fca68f
reference/misc/functions/eval.xml: a0a0165e07
reference/misc/functions/php-strip-whitespace.xml: 2f0b370489
reference/misc/functions/show-source.xml: af4410a7e1
reference/misc/ini.xml: f4b2b2313d
reference/misc/reference.xml: 96c9d88bad
reference/misc/setup.xml: 96c9d88bad
reference/msql/book.xml: 1634a88641
reference/msql/configure.xml: 96c9d88bad
reference/msql/constants.xml: 4de5cce5d8
reference/msql/examples.xml: 79dcbe011f
reference/msql/functions/msql-close.xml: 96c9d88bad
reference/msql/functions/msql-connect.xml: fa6e196973
reference/msql/functions/msql-create-db.xml: 96c9d88bad
reference/msql/functions/msql-createdb.xml: 96c9d88bad
reference/msql/functions/msql-dbname.xml: 96c9d88bad
reference/msql/functions/msql-drop-db.xml: 96c9d88bad
reference/msql/functions/msql-fieldflags.xml: 96c9d88bad
reference/msql/functions/msql-fieldlen.xml: 96c9d88bad
reference/msql/functions/msql-fieldname.xml: 96c9d88bad
reference/msql/functions/msql-fieldtable.xml: 96c9d88bad
reference/msql/functions/msql-fieldtype.xml: 96c9d88bad
reference/msql/functions/msql-numfields.xml: 96c9d88bad
reference/msql/functions/msql-numrows.xml: 96c9d88bad
reference/msql/functions/msql-pconnect.xml: 96c9d88bad
reference/msql/functions/msql-regcase.xml: 96c9d88bad
reference/msql/functions/msql-tablename.xml: 96c9d88bad
reference/msql/functions/msql.xml: 96c9d88bad
reference/msql/ini.xml: f052ac1bd7
reference/msql/reference.xml: 96c9d88bad
reference/msql/setup.xml: af4410a7e1
reference/mssql/book.xml: e99d7aeee9
reference/mssql/configure.xml: 96c9d88bad
reference/mssql/constants.xml: 4de5cce5d8
reference/mssql/functions/mssql-close.xml: e99d7aeee9
reference/mssql/functions/mssql-connect.xml: e99d7aeee9
reference/mssql/functions/mssql-get-last-message.xml: e99d7aeee9
reference/mssql/functions/mssql-min-error-severity.xml: e99d7aeee9
reference/mssql/functions/mssql-min-message-severity.xml: e99d7aeee9
reference/mssql/functions/mssql-num-fields.xml: e99d7aeee9
reference/mssql/functions/mssql-num-rows.xml: e99d7aeee9
reference/mssql/functions/mssql-query.xml: e99d7aeee9
reference/mssql/functions/mssql-rows-affected.xml: e99d7aeee9
reference/mssql/ini.xml: f052ac1bd7
reference/mssql/reference.xml: 96c9d88bad
reference/mssql/setup.xml: 304c83e61a
reference/mysql/book.xml: 2b204e9c8e
reference/mysql/functions/mysql-affected-rows.xml: 65e697ff67
reference/mysql/functions/mysql-client-encoding.xml: 65e697ff67
reference/mysql/functions/mysql-close.xml: 5dd7ff3e72
reference/mysql/functions/mysql-connect.xml: 8b5940cade
reference/mysql/functions/mysql-create-db.xml: 8a4247cc1b
reference/mysql/functions/mysql-data-seek.xml: 65e697ff67
reference/mysql/functions/mysql-db-name.xml: 65e697ff67
reference/mysql/functions/mysql-db-query.xml: 8a4247cc1b
reference/mysql/functions/mysql-drop-db.xml: 8a4247cc1b
reference/mysql/functions/mysql-errno.xml: 65e697ff67
reference/mysql/functions/mysql-error.xml: 65e697ff67
reference/mysql/functions/mysql-escape-string.xml: 8a4247cc1b
reference/mysql/functions/mysql-fetch-array.xml: 65e697ff67
reference/mysql/functions/mysql-fetch-assoc.xml: 65e697ff67
reference/mysql/functions/mysql-fetch-row.xml: 65e697ff67
reference/mysql/functions/mysql-field-table.xml: 65e697ff67
reference/mysql/functions/mysql-ping.xml: ed56c4e375
reference/mysql/functions/mysql-real-escape-string.xml: 4aac5d83bd
reference/mysql/functions/mysql-select-db.xml: 65e697ff67
reference/mysql/functions/mysql-unbuffered-query.xml: 65e697ff67
reference/mysql/setup.xml: d5a653cf30
reference/mysqli/book.xml: b35940f9fd
reference/mysqli/ini.xml: fd72dabd42
reference/mysqli/mysqli.xml: 6cfa600cf1
reference/mysqli/mysqli_driver.xml: d316f465df
reference/mysqli/mysqli_result.xml: d316f465df
reference/mysqli/mysqli_sql_exception.xml: 38e65393c5
reference/mysqli/mysqli_stmt.xml: 372dfed158
reference/mysqli/mysqli_warning.xml: d316f465df
reference/mysqli/notes.xml: cd09fab47b
reference/mysqli/reference.xml: af4410a7e1
reference/mysqli/setup.xml: af4410a7e1
reference/network/book.xml: 1634a88641
reference/network/constants.xml: c1dc0919bf
reference/network/functions/dns-check-record.xml: 96c9d88bad
reference/network/functions/dns-get-mx.xml: 96c9d88bad
reference/network/functions/headers-sent.xml: 95bdd6883b
reference/network/functions/socket-get-status.xml: 96c9d88bad
reference/network/functions/socket-set-blocking.xml: 96c9d88bad
reference/network/functions/socket-set-timeout.xml: 96c9d88bad
reference/network/ini.xml: f052ac1bd7
reference/network/reference.xml: af4410a7e1
reference/network/setup.xml: 64e414eb03
reference/password/book.xml: 1634a88641
reference/password/functions/password-get-info.xml: 95f6764aef
reference/password/functions/password-hash.xml: b978dba78b
reference/password/functions/password-needs-rehash.xml: 5650ac40be
reference/password/functions/password-verify.xml: f0e80e2c3f
reference/password/reference.xml: 12019a89a3
reference/password/setup.xml: 12019a89a3
reference/pgsql/book.xml: 877fcb9fd9
reference/pgsql/configure.xml: 96c9d88bad
reference/pgsql/examples.xml: 79dcbe011f
reference/pgsql/functions/pg-affected-rows.xml: 2a97d230f2
reference/pgsql/functions/pg-cancel-query.xml: 96c9d88bad
reference/pgsql/functions/pg-client-encoding.xml: 96c9d88bad
reference/pgsql/functions/pg-close.xml: 96c9d88bad
reference/pgsql/functions/pg-connect.xml: dc136f50a3
reference/pgsql/functions/pg-connection-busy.xml: 96c9d88bad
reference/pgsql/functions/pg-connection-reset.xml: 96c9d88bad
reference/pgsql/functions/pg-connection-status.xml: 96c9d88bad
reference/pgsql/functions/pg-convert.xml: 4501571c0d
reference/pgsql/functions/pg-copy-from.xml: 96c9d88bad
reference/pgsql/functions/pg-copy-to.xml: 96c9d88bad
reference/pgsql/functions/pg-dbname.xml: 96c9d88bad
reference/pgsql/functions/pg-delete.xml: 49944c9148
reference/pgsql/functions/pg-end-copy.xml: 96c9d88bad
reference/pgsql/functions/pg-escape-bytea.xml: 96c9d88bad
reference/pgsql/functions/pg-escape-string.xml: 5203515e70
reference/pgsql/functions/pg-fetch-array.xml: 95bdd6883b
reference/pgsql/functions/pg-fetch-object.xml: 8b5940cade
reference/pgsql/functions/pg-fetch-result.xml: 96c9d88bad
reference/pgsql/functions/pg-fetch-row.xml: 8b5940cade
reference/pgsql/functions/pg-field-is-null.xml: 96c9d88bad
reference/pgsql/functions/pg-field-name.xml: 96c9d88bad
reference/pgsql/functions/pg-field-num.xml: 96c9d88bad
reference/pgsql/functions/pg-field-prtlen.xml: 963c4c54c0
reference/pgsql/functions/pg-field-size.xml: 96c9d88bad
reference/pgsql/functions/pg-field-type.xml: 96c9d88bad
reference/pgsql/functions/pg-free-result.xml: 96c9d88bad
reference/pgsql/functions/pg-get-result.xml: 96c9d88bad
reference/pgsql/functions/pg-host.xml: 96c9d88bad
reference/pgsql/functions/pg-insert.xml: b18e6c19c9
reference/pgsql/functions/pg-last-error.xml: 96c9d88bad
reference/pgsql/functions/pg-last-notice.xml: 8b5940cade
reference/pgsql/functions/pg-last-oid.xml: 5d818a7f07
reference/pgsql/functions/pg-lo-close.xml: 96c9d88bad
reference/pgsql/functions/pg-lo-export.xml: 96c9d88bad
reference/pgsql/functions/pg-lo-import.xml: e41aab5eca
reference/pgsql/functions/pg-meta-data.xml: 4501571c0d
reference/pgsql/functions/pg-num-fields.xml: 96c9d88bad
reference/pgsql/functions/pg-num-rows.xml: 96c9d88bad
reference/pgsql/functions/pg-pconnect.xml: 96c9d88bad
reference/pgsql/functions/pg-port.xml: 96c9d88bad
reference/pgsql/functions/pg-query.xml: 63283140b4
reference/pgsql/functions/pg-result-status.xml: 8b5940cade
reference/pgsql/functions/pg-select.xml: 4501571c0d
reference/pgsql/functions/pg-send-query.xml: 96c9d88bad
reference/pgsql/functions/pg-update.xml: 4501571c0d
reference/pgsql/ini.xml: f052ac1bd7
reference/pgsql/reference.xml: 3ba581880a
reference/pgsql/setup.xml: af4410a7e1
reference/readline/book.xml: 462ad78d00
reference/readline/configure.xml: d92890ef46
reference/readline/constants.xml: af4410a7e1
reference/readline/functions/readline-add-history.xml: 96c9d88bad
reference/readline/functions/readline-clear-history.xml: 96c9d88bad
reference/readline/functions/readline-completion-function.xml: 5faa7a6747
reference/readline/functions/readline-info.xml: 96c9d88bad
reference/readline/functions/readline-list-history.xml: 96c9d88bad
reference/readline/functions/readline-read-history.xml: 96c9d88bad
reference/readline/functions/readline-write-history.xml: 96c9d88bad
reference/readline/functions/readline.xml: 96c9d88bad
reference/readline/reference.xml: 96c9d88bad
reference/readline/setup.xml: edeff45456
reference/session/configure.xml: 96c9d88bad
reference/session/constants.xml: 06dfeb81bd
reference/session/functions/session-commit.xml: 96c9d88bad
reference/session/functions/session-encode.xml: 584c3e8805
reference/session/functions/session-module-name.xml: 96c9d88bad
reference/session/functions/session-regenerate-id.xml: 73f204de3d
reference/session/functions/session-set-cookie-params.xml: afc3f34c68
reference/session/functions/session-unset.xml: 95bdd6883b
reference/spl/countable/count.xml: 9153615957
reference/sqlite3/book.xml: 1634a88641
reference/strings/book.xml: 1634a88641
reference/strings/charsets.xml: e5f1a5a296
reference/strings/constants.xml: 14af302c9c
reference/strings/functions/number-format.xml: 5dba865d91
reference/strings/functions/strrev.xml: 96c9d88bad
reference/strings/functions/strtolower.xml: c29a20388c
reference/strings/functions/strtoupper.xml: 14af302c9c
reference/strings/reference.xml: 96c9d88bad
reference/strings/setup.xml: 96c9d88bad
reference/tidy/book.xml: 1634a88641
reference/tidy/configure.xml: 95bdd6883b
reference/tidy/constants.xml: c1dc0919bf
reference/tidy/examples.xml: 79dcbe011f
reference/tidy/functions/ob-tidyhandler.xml: 14af302c9c
reference/tidy/functions/tidy-access-count.xml: 14af302c9c
reference/tidy/functions/tidy-config-count.xml: 14af302c9c
reference/tidy/functions/tidy-error-count.xml: 14af302c9c
reference/tidy/functions/tidy-get-output.xml: 14af302c9c
reference/tidy/functions/tidy-load-config.xml: 14af302c9c
reference/tidy/functions/tidy-reset-config.xml: 14af302c9c
reference/tidy/functions/tidy-save-config.xml: 14af302c9c
reference/tidy/functions/tidy-set-encoding.xml: 14af302c9c
reference/tidy/functions/tidy-setopt.xml: 14af302c9c
reference/tidy/functions/tidy-warning-count.xml: 14af302c9c
reference/tidy/ini.xml: 2779c12eb9
reference/tidy/reference.xml: 14af302c9c
reference/tidy/setup.xml: af4410a7e1
reference/tidy/tidynode/getparent.xml: af4410a7e1
reference/tidy/tidynode/haschildren.xml: 95bdd6883b
reference/tidy/tidynode/hassiblings.xml: 95bdd6883b
reference/tidy/tidynode/isasp.xml: 95bdd6883b
reference/tidy/tidynode/iscomment.xml: 95bdd6883b
reference/tidy/tidynode/ishtml.xml: 95bdd6883b
reference/tidy/tidynode/isjste.xml: 95bdd6883b
reference/tidy/tidynode/isphp.xml: 95bdd6883b
reference/tidy/tidynode/istext.xml: 95bdd6883b
reference/tokenizer/book.xml: 1634a88641
reference/tokenizer/configure.xml: e6b6d8faa6
reference/tokenizer/constants.xml: 96c9d88bad
reference/tokenizer/examples.xml: 96c9d88bad
reference/tokenizer/functions/token-get-all.xml: fabcfdd3e2
reference/tokenizer/functions/token-name.xml: 23dcc4e7ca
reference/tokenizer/reference.xml: 96c9d88bad
reference/tokenizer/setup.xml: 96c9d88bad
reference/uodbc/configure.xml: 74f4612207
reference/url/book.xml: 1634a88641
reference/url/constants.xml: ad9c1e3fee
reference/url/functions/base64-decode.xml: 35587e18d6
reference/url/functions/rawurldecode.xml: 7885b223b0
reference/url/functions/urldecode.xml: e25450d9dc
reference/url/reference.xml: 96c9d88bad
reference/url/setup.xml: 96c9d88bad
reference/var/book.xml: 1634a88641
reference/var/constants.xml: af4410a7e1
reference/var/functions/boolval.xml: cb46fbf24c
reference/var/functions/doubleval.xml: 8b5940cade
reference/var/functions/floatval.xml: 03083e6a66
reference/var/functions/get-defined-vars.xml: e41aab5eca
reference/var/functions/get-resource-type.xml: b5de5957f5
reference/var/functions/is-double.xml: 96c9d88bad
reference/var/functions/is-integer.xml: 96c9d88bad
reference/var/functions/is-long.xml: 96c9d88bad
reference/var/functions/is-real.xml: 96c9d88bad
reference/var/ini.xml: 64642ea9c3
reference/var/reference.xml: 96c9d88bad
reference/var/setup.xml: 96c9d88bad
reference/vpopmail/book.xml: 1634a88641
reference/vpopmail/configure.xml: 96c9d88bad
reference/vpopmail/constants.xml: af4410a7e1
reference/vpopmail/functions/vpopmail-add-alias-domain-ex.xml: 96c9d88bad
reference/vpopmail/functions/vpopmail-add-alias-domain.xml: 96c9d88bad
reference/vpopmail/functions/vpopmail-add-domain-ex.xml: 96c9d88bad
reference/vpopmail/functions/vpopmail-add-domain.xml: 96c9d88bad
reference/vpopmail/functions/vpopmail-add-user.xml: 96c9d88bad
reference/vpopmail/functions/vpopmail-alias-add.xml: 96c9d88bad
reference/vpopmail/functions/vpopmail-alias-del-domain.xml: 96c9d88bad
reference/vpopmail/functions/vpopmail-alias-del.xml: 96c9d88bad
reference/vpopmail/functions/vpopmail-alias-get-all.xml: 96c9d88bad
reference/vpopmail/functions/vpopmail-alias-get.xml: 96c9d88bad
reference/vpopmail/functions/vpopmail-auth-user.xml: 96c9d88bad
reference/vpopmail/functions/vpopmail-del-domain-ex.xml: 96c9d88bad
reference/vpopmail/functions/vpopmail-del-domain.xml: 96c9d88bad
reference/vpopmail/functions/vpopmail-del-user.xml: 96c9d88bad
reference/vpopmail/functions/vpopmail-error.xml: 96c9d88bad
reference/vpopmail/functions/vpopmail-passwd.xml: 96c9d88bad
reference/vpopmail/functions/vpopmail-set-user-quota.xml: 96c9d88bad
reference/vpopmail/reference.xml: 96c9d88bad
reference/vpopmail/setup.xml: af4410a7e1
reference/xml/configure.xml: cdab70215c
reference/xml/functions/utf8-decode.xml: 838941f6cc
reference/xml/functions/utf8-encode.xml: 2634ea3b40
reference/xml/functions/xml-error-string.xml: 96c9d88bad
reference/xml/functions/xml-get-current-byte-index.xml: 96c9d88bad
reference/xml/functions/xml-get-current-column-number.xml: 96c9d88bad
reference/xml/functions/xml-get-current-line-number.xml: 96c9d88bad
reference/xml/functions/xml-get-error-code.xml: 96c9d88bad
reference/xml/functions/xml-parse.xml: 96c9d88bad
reference/xml/functions/xml-parser-create.xml: 96c9d88bad
reference/xml/functions/xml-parser-free.xml: 96c9d88bad
reference/xml/functions/xml-set-element-handler.xml: 5faa7a6747
reference/xmlreader/constants.xml: c1dc0919bf
